[0.119s] DEBUG:colcon:Command line arguments: ['/usr/bin/colcon', 'build']
[0.119s] DEBUG:colcon:Parsed command line arguments: Namespace(log_base=None, log_level=None, verb_name='build', build_base='build', install_base='install', merge_install=False, symlink_install=False, test_result_base=None, continue_on_error=False, executor='parallel', parallel_workers=8, event_handlers=None, ignore_user_meta=False, metas=['./colcon.meta'], base_paths=['.'], packages_ignore=None, packages_ignore_regex=None, paths=None, packages_up_to=None, packages_up_to_regex=None, packages_above=None, packages_above_and_dependencies=None, packages_above_depth=None, packages_select_by_dep=None, packages_skip_by_dep=None, packages_skip_up_to=None, packages_select_build_failed=False, packages_skip_build_finished=False, packages_select_test_failures=False, packages_skip_test_passed=False, packages_select=None, packages_skip=None, packages_select_regex=None, packages_skip_regex=None, packages_start=None, packages_end=None, allow_overriding=[], cmake_args=None, cmake_target=None, cmake_target_skip_unavailable=False, cmake_clean_cache=False, cmake_clean_first=False, cmake_force_configure=False, ament_cmake_args=None, catkin_cmake_args=None, catkin_skip_building_tests=False, verb_parser=<colcon_defaults.argument_parser.defaults.DefaultArgumentsDecorator object at 0x76799174ad70>, verb_extension=<colcon_core.verb.build.BuildVerb object at 0x767991894190>, main=<bound method BuildVerb.main of <colcon_core.verb.build.BuildVerb object at 0x767991894190>>)
[0.295s] Level 1:colcon.colcon_core.package_discovery:discover_packages(colcon_meta) check parameters
[0.295s] Level 1:colcon.colcon_core.package_discovery:discover_packages(recursive) check parameters
[0.296s] Level 1:colcon.colcon_core.package_discovery:discover_packages(ignore) check parameters
[0.296s] Level 1:colcon.colcon_core.package_discovery:discover_packages(path) check parameters
[0.296s] Level 1:colcon.colcon_core.package_discovery:discover_packages(colcon_meta) discover
[0.296s] Level 1:colcon.colcon_core.package_discovery:discover_packages(recursive) discover
[0.296s] INFO:colcon.colcon_core.package_discovery:Crawling recursively for packages in '/home/ri-one/ros2_apriltags_to_pickup'
[0.296s] Level 1:colcon.colcon_core.package_identification:_identify(.) by extensions ['ignore', 'ignore_ament_install']
[0.296s] Level 1:colcon.colcon_core.package_identification:_identify(.) by extension 'ignore'
[0.296s] Level 1:colcon.colcon_core.package_identification:_identify(.) by extension 'ignore_ament_install'
[0.296s] Level 1:colcon.colcon_core.package_identification:_identify(.) by extensions ['colcon_pkg']
[0.296s] Level 1:colcon.colcon_core.package_identification:_identify(.) by extension 'colcon_pkg'
[0.296s] Level 1:colcon.colcon_core.package_identification:_identify(.) by extensions ['colcon_meta']
[0.296s] Level 1:colcon.colcon_core.package_identification:_identify(.) by extension 'colcon_meta'
[0.296s] Level 1:colcon.colcon_core.package_identification:_identify(.) by extensions ['ros']
[0.296s] Level 1:colcon.colcon_core.package_identification:_identify(.) by extension 'ros'
[0.309s] Level 1:colcon.colcon_core.package_identification:_identify(.) by extensions ['cmake', 'python']
[0.309s] Level 1:colcon.colcon_core.package_identification:_identify(.) by extension 'cmake'
[0.309s] Level 1:colcon.colcon_core.package_identification:_identify(.) by extension 'python'
[0.309s] Level 1:colcon.colcon_core.package_identification:_identify(.) by extensions ['python_setup_py']
[0.309s] Level 1:colcon.colcon_core.package_identification:_identify(.) by extension 'python_setup_py'
[0.309s] Level 1:colcon.colcon_core.package_identification:_identify(build) by extensions ['ignore', 'ignore_ament_install']
[0.309s] Level 1:colcon.colcon_core.package_identification:_identify(build) by extension 'ignore'
[0.309s] Level 1:colcon.colcon_core.package_identification:_identify(build) ignored
[0.309s] Level 1:colcon.colcon_core.package_identification:_identify(install) by extensions ['ignore', 'ignore_ament_install']
[0.310s] Level 1:colcon.colcon_core.package_identification:_identify(install) by extension 'ignore'
[0.310s] Level 1:colcon.colcon_core.package_identification:_identify(install) ignored
[0.310s] Level 1:colcon.colcon_core.package_identification:_identify(log) by extensions ['ignore', 'ignore_ament_install']
[0.310s] Level 1:colcon.colcon_core.package_identification:_identify(log) by extension 'ignore'
[0.310s] Level 1:colcon.colcon_core.package_identification:_identify(log) ignored
[0.310s] Level 1:colcon.colcon_core.package_identification:_identify(src) by extensions ['ignore', 'ignore_ament_install']
[0.310s] Level 1:colcon.colcon_core.package_identification:_identify(src) by extension 'ignore'
[0.310s] Level 1:colcon.colcon_core.package_identification:_identify(src) by extension 'ignore_ament_install'
[0.310s] Level 1:colcon.colcon_core.package_identification:_identify(src) by extensions ['colcon_pkg']
[0.310s] Level 1:colcon.colcon_core.package_identification:_identify(src) by extension 'colcon_pkg'
[0.310s] Level 1:colcon.colcon_core.package_identification:_identify(src) by extensions ['colcon_meta']
[0.310s] Level 1:colcon.colcon_core.package_identification:_identify(src) by extension 'colcon_meta'
[0.310s] Level 1:colcon.colcon_core.package_identification:_identify(src) by extensions ['ros']
[0.310s] Level 1:colcon.colcon_core.package_identification:_identify(src) by extension 'ros'
[0.311s] Level 1:colcon.colcon_core.package_identification:_identify(src) by extensions ['cmake', 'python']
[0.311s] Level 1:colcon.colcon_core.package_identification:_identify(src) by extension 'cmake'
[0.311s] Level 1:colcon.colcon_core.package_identification:_identify(src) by extension 'python'
[0.311s] Level 1:colcon.colcon_core.package_identification:_identify(src) by extensions ['python_setup_py']
[0.311s] Level 1:colcon.colcon_core.package_identification:_identify(src) by extension 'python_setup_py'
[0.311s] Level 1:colcon.colcon_core.package_identification:_identify(src/ros2_pickup_w_apriltags) by extensions ['ignore', 'ignore_ament_install']
[0.311s] Level 1:colcon.colcon_core.package_identification:_identify(src/ros2_pickup_w_apriltags) by extension 'ignore'
[0.311s] Level 1:colcon.colcon_core.package_identification:_identify(src/ros2_pickup_w_apriltags) by extension 'ignore_ament_install'
[0.311s] Level 1:colcon.colcon_core.package_identification:_identify(src/ros2_pickup_w_apriltags) by extensions ['colcon_pkg']
[0.311s] Level 1:colcon.colcon_core.package_identification:_identify(src/ros2_pickup_w_apriltags) by extension 'colcon_pkg'
[0.311s] Level 1:colcon.colcon_core.package_identification:_identify(src/ros2_pickup_w_apriltags) by extensions ['colcon_meta']
[0.311s] Level 1:colcon.colcon_core.package_identification:_identify(src/ros2_pickup_w_apriltags) by extension 'colcon_meta'
[0.311s] Level 1:colcon.colcon_core.package_identification:_identify(src/ros2_pickup_w_apriltags) by extensions ['ros']
[0.311s] Level 1:colcon.colcon_core.package_identification:_identify(src/ros2_pickup_w_apriltags) by extension 'ros'
[0.314s] DEBUG:colcon.colcon_core.package_identification:Package 'src/ros2_pickup_w_apriltags' with type 'ros.ament_python' and name 'ros2_pickup_w_apriltags'
[0.314s] Level 1:colcon.colcon_core.package_discovery:discover_packages(recursive) using defaults
[0.314s] Level 1:colcon.colcon_core.package_discovery:discover_packages(ignore) discover
[0.314s] Level 1:colcon.colcon_core.package_discovery:discover_packages(ignore) using defaults
[0.314s] Level 1:colcon.colcon_core.package_discovery:discover_packages(path) discover
[0.314s] Level 1:colcon.colcon_core.package_discovery:discover_packages(path) using defaults
[0.348s] Level 1:colcon.colcon_core.package_discovery:discover_packages(prefix_path) check parameters
[0.348s] Level 1:colcon.colcon_core.package_discovery:discover_packages(prefix_path) discover
[0.352s] DEBUG:colcon.colcon_installed_package_information.package_discovery:Found 1 installed packages in /home/ri-one/ros2_apriltags_to_pickup/install
[0.353s] DEBUG:colcon.colcon_installed_package_information.package_discovery:Found 48 installed packages in /home/ri-one/ros2_crane_and_turtle_ws/install
[0.354s] DEBUG:colcon.colcon_installed_package_information.package_discovery:Found 10 installed packages in /home/ri-one/my_ws/install
[0.355s] DEBUG:colcon.colcon_installed_package_information.package_discovery:Found 0 installed packages in /home/ri-one/my_ws/src/square_mt/square_mt/install
[0.356s] DEBUG:colcon.colcon_installed_package_information.package_discovery:Found 312 installed packages in /opt/ros/humble
[0.358s] Level 1:colcon.colcon_core.package_discovery:discover_packages(prefix_path) using defaults
[0.405s] Level 5:colcon.colcon_core.verb:set package 'ros2_pickup_w_apriltags' build argument 'cmake_args' from command line to 'None'
[0.405s] Level 5:colcon.colcon_core.verb:set package 'ros2_pickup_w_apriltags' build argument 'cmake_target' from command line to 'None'
[0.406s] Level 5:colcon.colcon_core.verb:set package 'ros2_pickup_w_apriltags' build argument 'cmake_target_skip_unavailable' from command line to 'False'
[0.406s] Level 5:colcon.colcon_core.verb:set package 'ros2_pickup_w_apriltags' build argument 'cmake_clean_cache' from command line to 'False'
[0.406s] Level 5:colcon.colcon_core.verb:set package 'ros2_pickup_w_apriltags' build argument 'cmake_clean_first' from command line to 'False'
[0.406s] Level 5:colcon.colcon_core.verb:set package 'ros2_pickup_w_apriltags' build argument 'cmake_force_configure' from command line to 'False'
[0.406s] Level 5:colcon.colcon_core.verb:set package 'ros2_pickup_w_apriltags' build argument 'ament_cmake_args' from command line to 'None'
[0.406s] Level 5:colcon.colcon_core.verb:set package 'ros2_pickup_w_apriltags' build argument 'catkin_cmake_args' from command line to 'None'
[0.406s] Level 5:colcon.colcon_core.verb:set package 'ros2_pickup_w_apriltags' build argument 'catkin_skip_building_tests' from command line to 'False'
[0.406s] DEBUG:colcon.colcon_core.verb:Building package 'ros2_pickup_w_apriltags' with the following arguments: {'ament_cmake_args': None, 'build_base': '/home/ri-one/ros2_apriltags_to_pickup/build/ros2_pickup_w_apriltags', 'catkin_cmake_args': None, 'catkin_skip_building_tests': False, 'cmake_args': None, 'cmake_clean_cache': False, 'cmake_clean_first': False, 'cmake_force_configure': False, 'cmake_target': None, 'cmake_target_skip_unavailable': False, 'install_base': '/home/ri-one/ros2_apriltags_to_pickup/install/ros2_pickup_w_apriltags', 'merge_install': False, 'path': '/home/ri-one/ros2_apriltags_to_pickup/src/ros2_pickup_w_apriltags', 'symlink_install': False, 'test_result_base': None}
[0.406s] INFO:colcon.colcon_core.executor:Executing jobs using 'parallel' executor
[0.407s] DEBUG:colcon.colcon_parallel_executor.executor.parallel:run_until_complete
[0.407s] INFO:colcon.colcon_ros.task.ament_python.build:Building ROS package in '/home/ri-one/ros2_apriltags_to_pickup/src/ros2_pickup_w_apriltags' with build type 'ament_python'
[0.407s] Level 1:colcon.colcon_core.shell:create_environment_hook('ros2_pickup_w_apriltags', 'ament_prefix_path')
[0.410s] INFO:colcon.colcon_core.plugin_system:Skipping extension 'colcon_core.shell.bat': Not used on non-Windows systems
[0.410s] INFO:colcon.colcon_core.shell:Creating environment hook '/home/ri-one/ros2_apriltags_to_pickup/install/ros2_pickup_w_apriltags/share/ros2_pickup_w_apriltags/hook/ament_prefix_path.ps1'
[0.411s] INFO:colcon.colcon_core.shell:Creating environment descriptor '/home/ri-one/ros2_apriltags_to_pickup/install/ros2_pickup_w_apriltags/share/ros2_pickup_w_apriltags/hook/ament_prefix_path.dsv'
[0.411s] INFO:colcon.colcon_core.shell:Creating environment hook '/home/ri-one/ros2_apriltags_to_pickup/install/ros2_pickup_w_apriltags/share/ros2_pickup_w_apriltags/hook/ament_prefix_path.sh'
[0.412s] INFO:colcon.colcon_core.shell:Skip shell extension 'powershell' for command environment: Not usable outside of PowerShell
[0.412s] DEBUG:colcon.colcon_core.shell:Skip shell extension 'dsv' for command environment
[0.722s] INFO:colcon.colcon_core.task.python.build:Building Python package in '/home/ri-one/ros2_apriltags_to_pickup/src/ros2_pickup_w_apriltags'
[0.722s] INFO:colcon.colcon_core.shell:Skip shell extension 'powershell' for command environment: Not usable outside of PowerShell
[0.722s] DEBUG:colcon.colcon_core.shell:Skip shell extension 'dsv' for command environment
[1.102s] DEBUG:colcon.colcon_core.event_handler.log_command:Invoking command in '/home/ri-one/ros2_apriltags_to_pickup/src/ros2_pickup_w_apriltags': PYTHONPATH=/home/ri-one/ros2_apriltags_to_pickup/build/ros2_pickup_w_apriltags/prefix_override:/usr/lib/python3/dist-packages/colcon_core/task/python/colcon_distutils_commands:/home/ri-one/ros2_apriltags_to_pickup/install/ros2_pickup_w_apriltags/lib/python3.10/site-packages:${PYTHONPATH} /usr/bin/python3 -W ignore:setup.py install is deprecated -W ignore:easy_install command is deprecated setup.py egg_info --egg-base ../../build/ros2_pickup_w_apriltags build --build-base /home/ri-one/ros2_apriltags_to_pickup/build/ros2_pickup_w_apriltags/build install --record /home/ri-one/ros2_apriltags_to_pickup/build/ros2_pickup_w_apriltags/install.log --single-version-externally-managed install_data
[1.434s] DEBUG:colcon.colcon_core.event_handler.log_command:Invoked command in '/home/ri-one/ros2_apriltags_to_pickup/src/ros2_pickup_w_apriltags' returned '0': PYTHONPATH=/home/ri-one/ros2_apriltags_to_pickup/build/ros2_pickup_w_apriltags/prefix_override:/usr/lib/python3/dist-packages/colcon_core/task/python/colcon_distutils_commands:/home/ri-one/ros2_apriltags_to_pickup/install/ros2_pickup_w_apriltags/lib/python3.10/site-packages:${PYTHONPATH} /usr/bin/python3 -W ignore:setup.py install is deprecated -W ignore:easy_install command is deprecated setup.py egg_info --egg-base ../../build/ros2_pickup_w_apriltags build --build-base /home/ri-one/ros2_apriltags_to_pickup/build/ros2_pickup_w_apriltags/build install --record /home/ri-one/ros2_apriltags_to_pickup/build/ros2_pickup_w_apriltags/install.log --single-version-externally-managed install_data
[1.437s] Level 1:colcon.colcon_core.environment:checking '/home/ri-one/ros2_apriltags_to_pickup/install/ros2_pickup_w_apriltags' for CMake module files
[1.437s] Level 1:colcon.colcon_core.environment:checking '/home/ri-one/ros2_apriltags_to_pickup/install/ros2_pickup_w_apriltags' for CMake config files
[1.438s] Level 1:colcon.colcon_core.environment:checking '/home/ri-one/ros2_apriltags_to_pickup/install/ros2_pickup_w_apriltags/lib'
[1.438s] Level 1:colcon.colcon_core.environment:checking '/home/ri-one/ros2_apriltags_to_pickup/install/ros2_pickup_w_apriltags/bin'
[1.438s] Level 1:colcon.colcon_core.environment:checking '/home/ri-one/ros2_apriltags_to_pickup/install/ros2_pickup_w_apriltags/lib/pkgconfig/ros2_pickup_w_apriltags.pc'
[1.439s] Level 1:colcon.colcon_core.environment:checking '/home/ri-one/ros2_apriltags_to_pickup/install/ros2_pickup_w_apriltags/lib/python3.10/site-packages'
[1.439s] Level 1:colcon.colcon_core.shell:create_environment_hook('ros2_pickup_w_apriltags', 'pythonpath')
[1.439s] INFO:colcon.colcon_core.shell:Creating environment hook '/home/ri-one/ros2_apriltags_to_pickup/install/ros2_pickup_w_apriltags/share/ros2_pickup_w_apriltags/hook/pythonpath.ps1'
[1.440s] INFO:colcon.colcon_core.shell:Creating environment descriptor '/home/ri-one/ros2_apriltags_to_pickup/install/ros2_pickup_w_apriltags/share/ros2_pickup_w_apriltags/hook/pythonpath.dsv'
[1.440s] INFO:colcon.colcon_core.shell:Creating environment hook '/home/ri-one/ros2_apriltags_to_pickup/install/ros2_pickup_w_apriltags/share/ros2_pickup_w_apriltags/hook/pythonpath.sh'
[1.441s] Level 1:colcon.colcon_core.environment:checking '/home/ri-one/ros2_apriltags_to_pickup/install/ros2_pickup_w_apriltags/bin'
[1.441s] Level 1:colcon.colcon_core.environment:create_environment_scripts_only(ros2_pickup_w_apriltags)
[1.441s] INFO:colcon.colcon_core.shell:Creating package script '/home/ri-one/ros2_apriltags_to_pickup/install/ros2_pickup_w_apriltags/share/ros2_pickup_w_apriltags/package.ps1'
[1.442s] INFO:colcon.colcon_core.shell:Creating package descriptor '/home/ri-one/ros2_apriltags_to_pickup/install/ros2_pickup_w_apriltags/share/ros2_pickup_w_apriltags/package.dsv'
[1.443s] INFO:colcon.colcon_core.shell:Creating package script '/home/ri-one/ros2_apriltags_to_pickup/install/ros2_pickup_w_apriltags/share/ros2_pickup_w_apriltags/package.sh'
[1.444s] INFO:colcon.colcon_core.shell:Creating package script '/home/ri-one/ros2_apriltags_to_pickup/install/ros2_pickup_w_apriltags/share/ros2_pickup_w_apriltags/package.bash'
[1.444s] INFO:colcon.colcon_core.shell:Creating package script '/home/ri-one/ros2_apriltags_to_pickup/install/ros2_pickup_w_apriltags/share/ros2_pickup_w_apriltags/package.zsh'
[1.445s] Level 1:colcon.colcon_core.environment:create_file_with_runtime_dependencies(/home/ri-one/ros2_apriltags_to_pickup/install/ros2_pickup_w_apriltags/share/colcon-core/packages/ros2_pickup_w_apriltags)
[1.446s] DEBUG:colcon.colcon_parallel_executor.executor.parallel:closing loop
[1.446s] DEBUG:colcon.colcon_parallel_executor.executor.parallel:loop closed
[1.446s] DEBUG:colcon.colcon_parallel_executor.executor.parallel:run_until_complete finished with '0'
[1.446s] DEBUG:colcon.colcon_core.event_reactor:joining thread
[1.452s] INFO:colcon.colcon_core.plugin_system:Skipping extension 'colcon_notification.desktop_notification.terminal_notifier': Not used on non-Darwin systems
[1.452s] INFO:colcon.colcon_core.plugin_system:Skipping extension 'colcon_notification.desktop_notification.win32': Not used on non-Windows systems
[1.452s] INFO:colcon.colcon_notification.desktop_notification:Sending desktop notification using 'notify2'
[1.462s] DEBUG:colcon.colcon_core.event_reactor:joined thread
[1.463s] INFO:colcon.colcon_core.shell:Creating prefix script '/home/ri-one/ros2_apriltags_to_pickup/install/local_setup.ps1'
[1.464s] INFO:colcon.colcon_core.shell:Creating prefix util module '/home/ri-one/ros2_apriltags_to_pickup/install/_local_setup_util_ps1.py'
[1.465s] INFO:colcon.colcon_core.shell:Creating prefix chain script '/home/ri-one/ros2_apriltags_to_pickup/install/setup.ps1'
[1.469s] INFO:colcon.colcon_core.shell:Creating prefix script '/home/ri-one/ros2_apriltags_to_pickup/install/local_setup.sh'
[1.471s] INFO:colcon.colcon_core.shell:Creating prefix util module '/home/ri-one/ros2_apriltags_to_pickup/install/_local_setup_util_sh.py'
[1.473s] INFO:colcon.colcon_core.shell:Creating prefix chain script '/home/ri-one/ros2_apriltags_to_pickup/install/setup.sh'
[1.477s] INFO:colcon.colcon_core.shell:Creating prefix script '/home/ri-one/ros2_apriltags_to_pickup/install/local_setup.bash'
[1.477s] INFO:colcon.colcon_core.shell:Creating prefix chain script '/home/ri-one/ros2_apriltags_to_pickup/install/setup.bash'
[1.480s] INFO:colcon.colcon_core.shell:Creating prefix script '/home/ri-one/ros2_apriltags_to_pickup/install/local_setup.zsh'
[1.481s] INFO:colcon.colcon_core.shell:Creating prefix chain script '/home/ri-one/ros2_apriltags_to_pickup/install/setup.zsh'
