running egg_info
writing ../../build/ros2_pickup_w_apriltags/ros2_pickup_w_apriltags.egg-info/PKG-INFO
writing dependency_links to ../../build/ros2_pickup_w_apriltags/ros2_pickup_w_apriltags.egg-info/dependency_links.txt
writing entry points to ../../build/ros2_pickup_w_apriltags/ros2_pickup_w_apriltags.egg-info/entry_points.txt
writing requirements to ../../build/ros2_pickup_w_apriltags/ros2_pickup_w_apriltags.egg-info/requires.txt
writing top-level names to ../../build/ros2_pickup_w_apriltags/ros2_pickup_w_apriltags.egg-info/top_level.txt
reading manifest file '../../build/ros2_pickup_w_apriltags/ros2_pickup_w_apriltags.egg-info/SOURCES.txt'
adding license file 'LICENSE'
writing manifest file '../../build/ros2_pickup_w_apriltags/ros2_pickup_w_apriltags.egg-info/SOURCES.txt'
running build
running build_py
running install
running install_lib
byte-compiling /home/ri-one/ros2_apriltags_to_pickup/install/ros2_pickup_w_apriltags/lib/python3.10/site-packages/ros2_pickup_w_apriltags/tag_detector_node.py to tag_detector_node.cpython-310.pyc
  File "/home/ri-one/ros2_apriltags_to_pickup/install/ros2_pickup_w_apriltags/lib/python3.10/site-packages/ros2_pickup_w_apriltags/tag_detector_node.py", line 65
    self.get_logger().info(f"Frame shape: {frame.shape}") right below frame = self.bridge.imgmsg_to_cv2(msg, "bgr8")
                                                          ^^^^^
SyntaxError: invalid syntax

running install_data
running install_egg_info
removing '/home/ri-one/ros2_apriltags_to_pickup/install/ros2_pickup_w_apriltags/lib/python3.10/site-packages/ros2_pickup_w_apriltags-0.0.0-py3.10.egg-info' (and everything under it)
Copying ../../build/ros2_pickup_w_apriltags/ros2_pickup_w_apriltags.egg-info to /home/ri-one/ros2_apriltags_to_pickup/install/ros2_pickup_w_apriltags/lib/python3.10/site-packages/ros2_pickup_w_apriltags-0.0.0-py3.10.egg-info
running install_scripts
Installing challenge_node script to /home/ri-one/ros2_apriltags_to_pickup/install/ros2_pickup_w_apriltags/lib/ros2_pickup_w_apriltags
Installing detector_node script to /home/ri-one/ros2_apriltags_to_pickup/install/ros2_pickup_w_apriltags/lib/ros2_pickup_w_apriltags
Installing driver_node script to /home/ri-one/ros2_apriltags_to_pickup/install/ros2_pickup_w_apriltags/lib/ros2_pickup_w_apriltags
Installing gui_node script to /home/ri-one/ros2_apriltags_to_pickup/install/ros2_pickup_w_apriltags/lib/ros2_pickup_w_apriltags
writing list of installed files to '/home/ri-one/ros2_apriltags_to_pickup/build/ros2_pickup_w_apriltags/install.log'
