[0.694s] Invoking command in '/home/ri-one/ros2_apriltags_to_pickup/src/ros2_pickup_w_apriltags': PYTHONPATH=/home/ri-one/ros2_apriltags_to_pickup/build/ros2_pickup_w_apriltags/prefix_override:/usr/lib/python3/dist-packages/colcon_core/task/python/colcon_distutils_commands:/home/ri-one/ros2_apriltags_to_pickup/install/ros2_pickup_w_apriltags/lib/python3.10/site-packages:${PYTHONPATH} /usr/bin/python3 -W ignore:setup.py install is deprecated -W ignore:easy_install command is deprecated setup.py egg_info --egg-base ../../build/ros2_pickup_w_apriltags build --build-base /home/ri-one/ros2_apriltags_to_pickup/build/ros2_pickup_w_apriltags/build install --record /home/ri-one/ros2_apriltags_to_pickup/build/ros2_pickup_w_apriltags/install.log --single-version-externally-managed install_data
[0.967s] running egg_info
[0.968s] writing ../../build/ros2_pickup_w_apriltags/ros2_pickup_w_apriltags.egg-info/PKG-INFO
[0.968s] writing dependency_links to ../../build/ros2_pickup_w_apriltags/ros2_pickup_w_apriltags.egg-info/dependency_links.txt
[0.968s] writing entry points to ../../build/ros2_pickup_w_apriltags/ros2_pickup_w_apriltags.egg-info/entry_points.txt
[0.969s] writing requirements to ../../build/ros2_pickup_w_apriltags/ros2_pickup_w_apriltags.egg-info/requires.txt
[0.969s] writing top-level names to ../../build/ros2_pickup_w_apriltags/ros2_pickup_w_apriltags.egg-info/top_level.txt
[0.971s] reading manifest file '../../build/ros2_pickup_w_apriltags/ros2_pickup_w_apriltags.egg-info/SOURCES.txt'
[0.971s] adding license file 'LICENSE'
[0.972s] writing manifest file '../../build/ros2_pickup_w_apriltags/ros2_pickup_w_apriltags.egg-info/SOURCES.txt'
[0.972s] running build
[0.972s] running build_py
[0.973s] running install
[0.973s] running install_lib
[0.974s] running install_data
[0.975s] running install_egg_info
[0.977s] removing '/home/ri-one/ros2_apriltags_to_pickup/install/ros2_pickup_w_apriltags/lib/python3.10/site-packages/ros2_pickup_w_apriltags-0.0.0-py3.10.egg-info' (and everything under it)
[0.978s] Copying ../../build/ros2_pickup_w_apriltags/ros2_pickup_w_apriltags.egg-info to /home/ri-one/ros2_apriltags_to_pickup/install/ros2_pickup_w_apriltags/lib/python3.10/site-packages/ros2_pickup_w_apriltags-0.0.0-py3.10.egg-info
[0.978s] running install_scripts
[1.000s] Installing challenge_node script to /home/ri-one/ros2_apriltags_to_pickup/install/ros2_pickup_w_apriltags/lib/ros2_pickup_w_apriltags
[1.000s] Installing detector_node script to /home/ri-one/ros2_apriltags_to_pickup/install/ros2_pickup_w_apriltags/lib/ros2_pickup_w_apriltags
[1.001s] Installing driver_node script to /home/ri-one/ros2_apriltags_to_pickup/install/ros2_pickup_w_apriltags/lib/ros2_pickup_w_apriltags
[1.001s] Installing gui_node script to /home/ri-one/ros2_apriltags_to_pickup/install/ros2_pickup_w_apriltags/lib/ros2_pickup_w_apriltags
[1.001s] writing list of installed files to '/home/ri-one/ros2_apriltags_to_pickup/build/ros2_pickup_w_apriltags/install.log'
[1.026s] Invoked command in '/home/ri-one/ros2_apriltags_to_pickup/src/ros2_pickup_w_apriltags' returned '0': PYTHONPATH=/home/ri-one/ros2_apriltags_to_pickup/build/ros2_pickup_w_apriltags/prefix_override:/usr/lib/python3/dist-packages/colcon_core/task/python/colcon_distutils_commands:/home/ri-one/ros2_apriltags_to_pickup/install/ros2_pickup_w_apriltags/lib/python3.10/site-packages:${PYTHONPATH} /usr/bin/python3 -W ignore:setup.py install is deprecated -W ignore:easy_install command is deprecated setup.py egg_info --egg-base ../../build/ros2_pickup_w_apriltags build --build-base /home/ri-one/ros2_apriltags_to_pickup/build/ros2_pickup_w_apriltags/build install --record /home/ri-one/ros2_apriltags_to_pickup/build/ros2_pickup_w_apriltags/install.log --single-version-externally-managed install_data
