running egg_info
creating ../../build/ros2_pickup_w_apriltags/ros2_pickup_w_apriltags.egg-info
writing ../../build/ros2_pickup_w_apriltags/ros2_pickup_w_apriltags.egg-info/PKG-INFO
writing dependency_links to ../../build/ros2_pickup_w_apriltags/ros2_pickup_w_apriltags.egg-info/dependency_links.txt
writing entry points to ../../build/ros2_pickup_w_apriltags/ros2_pickup_w_apriltags.egg-info/entry_points.txt
writing requirements to ../../build/ros2_pickup_w_apriltags/ros2_pickup_w_apriltags.egg-info/requires.txt
writing top-level names to ../../build/ros2_pickup_w_apriltags/ros2_pickup_w_apriltags.egg-info/top_level.txt
writing manifest file '../../build/ros2_pickup_w_apriltags/ros2_pickup_w_apriltags.egg-info/SOURCES.txt'
reading manifest file '../../build/ros2_pickup_w_apriltags/ros2_pickup_w_apriltags.egg-info/SOURCES.txt'
adding license file 'LICENSE'
writing manifest file '../../build/ros2_pickup_w_apriltags/ros2_pickup_w_apriltags.egg-info/SOURCES.txt'
running build
running build_py
creating /home/ri-one/ros2_apriltags_to_pickup/build/ros2_pickup_w_apriltags/build
creating /home/ri-one/ros2_apriltags_to_pickup/build/ros2_pickup_w_apriltags/build/lib
creating /home/ri-one/ros2_apriltags_to_pickup/build/ros2_pickup_w_apriltags/build/lib/ros2_pickup_w_apriltags
copying ros2_pickup_w_apriltags/__init__.py -> /home/ri-one/ros2_apriltags_to_pickup/build/ros2_pickup_w_apriltags/build/lib/ros2_pickup_w_apriltags
running install
running install_lib
creating /home/ri-one/ros2_apriltags_to_pickup/install/ros2_pickup_w_apriltags/lib/python3.10/site-packages/ros2_pickup_w_apriltags
copying /home/ri-one/ros2_apriltags_to_pickup/build/ros2_pickup_w_apriltags/build/lib/ros2_pickup_w_apriltags/__init__.py -> /home/ri-one/ros2_apriltags_to_pickup/install/ros2_pickup_w_apriltags/lib/python3.10/site-packages/ros2_pickup_w_apriltags
byte-compiling /home/ri-one/ros2_apriltags_to_pickup/install/ros2_pickup_w_apriltags/lib/python3.10/site-packages/ros2_pickup_w_apriltags/__init__.py to __init__.cpython-310.pyc
running install_data
creating /home/ri-one/ros2_apriltags_to_pickup/install/ros2_pickup_w_apriltags/share/ament_index
creating /home/ri-one/ros2_apriltags_to_pickup/install/ros2_pickup_w_apriltags/share/ament_index/resource_index
creating /home/ri-one/ros2_apriltags_to_pickup/install/ros2_pickup_w_apriltags/share/ament_index/resource_index/packages
copying resource/ros2_pickup_w_apriltags -> /home/ri-one/ros2_apriltags_to_pickup/install/ros2_pickup_w_apriltags/share/ament_index/resource_index/packages
copying package.xml -> /home/ri-one/ros2_apriltags_to_pickup/install/ros2_pickup_w_apriltags/share/ros2_pickup_w_apriltags
running install_egg_info
Copying ../../build/ros2_pickup_w_apriltags/ros2_pickup_w_apriltags.egg-info to /home/ri-one/ros2_apriltags_to_pickup/install/ros2_pickup_w_apriltags/lib/python3.10/site-packages/ros2_pickup_w_apriltags-0.0.0-py3.10.egg-info
running install_scripts
writing list of installed files to '/home/ri-one/ros2_apriltags_to_pickup/build/ros2_pickup_w_apriltags/install.log'
