[0.770s] Invoking command in '/home/ri-one/ros2_apriltags_to_pickup/src/ros2_pickup_w_apriltags': PYTHONPATH=/home/ri-one/ros2_apriltags_to_pickup/build/ros2_pickup_w_apriltags/prefix_override:/usr/lib/python3/dist-packages/colcon_core/task/python/colcon_distutils_commands:/home/ri-one/ros2_apriltags_to_pickup/install/ros2_pickup_w_apriltags/lib/python3.10/site-packages:${PYTHONPATH} /usr/bin/python3 -W ignore:setup.py install is deprecated -W ignore:easy_install command is deprecated setup.py egg_info --egg-base ../../build/ros2_pickup_w_apriltags build --build-base /home/ri-one/ros2_apriltags_to_pickup/build/ros2_pickup_w_apriltags/build install --record /home/ri-one/ros2_apriltags_to_pickup/build/ros2_pickup_w_apriltags/install.log --single-version-externally-managed install_data
[1.026s] running egg_info
[1.027s] creating ../../build/ros2_pickup_w_apriltags/ros2_pickup_w_apriltags.egg-info
[1.027s] writing ../../build/ros2_pickup_w_apriltags/ros2_pickup_w_apriltags.egg-info/PKG-INFO
[1.027s] writing dependency_links to ../../build/ros2_pickup_w_apriltags/ros2_pickup_w_apriltags.egg-info/dependency_links.txt
[1.027s] writing entry points to ../../build/ros2_pickup_w_apriltags/ros2_pickup_w_apriltags.egg-info/entry_points.txt
[1.027s] writing requirements to ../../build/ros2_pickup_w_apriltags/ros2_pickup_w_apriltags.egg-info/requires.txt
[1.028s] writing top-level names to ../../build/ros2_pickup_w_apriltags/ros2_pickup_w_apriltags.egg-info/top_level.txt
[1.028s] writing manifest file '../../build/ros2_pickup_w_apriltags/ros2_pickup_w_apriltags.egg-info/SOURCES.txt'
[1.030s] reading manifest file '../../build/ros2_pickup_w_apriltags/ros2_pickup_w_apriltags.egg-info/SOURCES.txt'
[1.030s] adding license file 'LICENSE'
[1.031s] writing manifest file '../../build/ros2_pickup_w_apriltags/ros2_pickup_w_apriltags.egg-info/SOURCES.txt'
[1.031s] running build
[1.031s] running build_py
[1.032s] creating /home/ri-one/ros2_apriltags_to_pickup/build/ros2_pickup_w_apriltags/build
[1.032s] creating /home/ri-one/ros2_apriltags_to_pickup/build/ros2_pickup_w_apriltags/build/lib
[1.032s] creating /home/ri-one/ros2_apriltags_to_pickup/build/ros2_pickup_w_apriltags/build/lib/ros2_pickup_w_apriltags
[1.032s] copying ros2_pickup_w_apriltags/__init__.py -> /home/ri-one/ros2_apriltags_to_pickup/build/ros2_pickup_w_apriltags/build/lib/ros2_pickup_w_apriltags
[1.032s] running install
[1.032s] running install_lib
[1.033s] creating /home/ri-one/ros2_apriltags_to_pickup/install/ros2_pickup_w_apriltags/lib/python3.10/site-packages/ros2_pickup_w_apriltags
[1.033s] copying /home/ri-one/ros2_apriltags_to_pickup/build/ros2_pickup_w_apriltags/build/lib/ros2_pickup_w_apriltags/__init__.py -> /home/ri-one/ros2_apriltags_to_pickup/install/ros2_pickup_w_apriltags/lib/python3.10/site-packages/ros2_pickup_w_apriltags
[1.033s] byte-compiling /home/ri-one/ros2_apriltags_to_pickup/install/ros2_pickup_w_apriltags/lib/python3.10/site-packages/ros2_pickup_w_apriltags/__init__.py to __init__.cpython-310.pyc
[1.033s] running install_data
[1.034s] creating /home/ri-one/ros2_apriltags_to_pickup/install/ros2_pickup_w_apriltags/share/ament_index
[1.034s] creating /home/ri-one/ros2_apriltags_to_pickup/install/ros2_pickup_w_apriltags/share/ament_index/resource_index
[1.034s] creating /home/ri-one/ros2_apriltags_to_pickup/install/ros2_pickup_w_apriltags/share/ament_index/resource_index/packages
[1.034s] copying resource/ros2_pickup_w_apriltags -> /home/ri-one/ros2_apriltags_to_pickup/install/ros2_pickup_w_apriltags/share/ament_index/resource_index/packages
[1.034s] copying package.xml -> /home/ri-one/ros2_apriltags_to_pickup/install/ros2_pickup_w_apriltags/share/ros2_pickup_w_apriltags
[1.034s] running install_egg_info
[1.036s] Copying ../../build/ros2_pickup_w_apriltags/ros2_pickup_w_apriltags.egg-info to /home/ri-one/ros2_apriltags_to_pickup/install/ros2_pickup_w_apriltags/lib/python3.10/site-packages/ros2_pickup_w_apriltags-0.0.0-py3.10.egg-info
[1.037s] running install_scripts
[1.059s] writing list of installed files to '/home/ri-one/ros2_apriltags_to_pickup/build/ros2_pickup_w_apriltags/install.log'
[1.083s] Invoked command in '/home/ri-one/ros2_apriltags_to_pickup/src/ros2_pickup_w_apriltags' returned '0': PYTHONPATH=/home/ri-one/ros2_apriltags_to_pickup/build/ros2_pickup_w_apriltags/prefix_override:/usr/lib/python3/dist-packages/colcon_core/task/python/colcon_distutils_commands:/home/ri-one/ros2_apriltags_to_pickup/install/ros2_pickup_w_apriltags/lib/python3.10/site-packages:${PYTHONPATH} /usr/bin/python3 -W ignore:setup.py install is deprecated -W ignore:easy_install command is deprecated setup.py egg_info --egg-base ../../build/ros2_pickup_w_apriltags build --build-base /home/ri-one/ros2_apriltags_to_pickup/build/ros2_pickup_w_apriltags/build install --record /home/ri-one/ros2_apriltags_to_pickup/build/ros2_pickup_w_apriltags/install.log --single-version-externally-managed install_data
